// Jest Snapshot v1, https://goo.gl/fbAQLP

exports[`modus-wc-icon should keep the 1.0 ligature for unmapped names in both versions 1`] = `
<modus-wc-icon class="modus-wc-flex modus-wc-items-center" name="address" variant="outlined" version="2.0">
  <i aria-hidden="true" class="modus-icons-outlined modus-wc-icon modus-wc-icon--md" tabindex="-1">
    address
  </i>
</modus-wc-icon>
`;

exports[`modus-wc-icon should render a 1.0 ligature for an aliased name by default 1`] = `
<modus-wc-icon class="modus-wc-flex modus-wc-items-center" name="add">
  <i aria-hidden="true" aria-label="Add icon" class="modus-icons modus-wc-icon modus-wc-icon--md" tabindex="-1">
    add
  </i>
</modus-wc-icon>
`;

exports[`modus-wc-icon should render a 2.0 mask class for an aliased name when version is 2.0 1`] = `
<modus-wc-icon class="modus-wc-flex modus-wc-items-center" name="add" version="2.0">
  <i aria-hidden="true" aria-label="Add icon" class="modus-icon-plus modus-wc-icon modus-wc-icon--md" tabindex="-1" style="mask-image: var(--modus-icon-plus); webkit-mask-image: var(--modus-icon-plus);"></i>
</modus-wc-icon>
`;

exports[`modus-wc-icon should render with custom props 1`] = `
<modus-wc-icon class="modus-wc-flex modus-wc-items-center" custom-class="test-class" decorative="false" size="sm">
  <i aria-label="Custom icon" class="modus-icons modus-wc-icon modus-wc-icon--sm test-class" role="img" tabindex="-1"></i>
</modus-wc-icon>
`;

exports[`modus-wc-icon should render with default props 1`] = `
<modus-wc-icon class="modus-wc-flex modus-wc-items-center">
  <i aria-hidden="true" aria-label="Default icon" class="modus-icons modus-wc-icon modus-wc-icon--md" tabindex="-1"></i>
</modus-wc-icon>
`;

exports[`modus-wc-icon should render with outlined variant 1`] = `
<modus-wc-icon class="modus-wc-flex modus-wc-items-center" variant="outlined">
  <i aria-hidden="true" aria-label="Outlined icon" class="modus-icons-outlined modus-wc-icon modus-wc-icon--md" tabindex="-1"></i>
</modus-wc-icon>
`;

exports[`modus-wc-icon should render with size prop lg 1`] = `
<modus-wc-icon class="modus-wc-flex modus-wc-items-center" size="lg">
  <i aria-hidden="true" aria-label="Custom icon" class="modus-icons modus-wc-icon modus-wc-icon--lg" tabindex="-1"></i>
</modus-wc-icon>
`;

exports[`modus-wc-icon should render with solid variant 1`] = `
<modus-wc-icon class="modus-wc-flex modus-wc-items-center" variant="solid">
  <i aria-hidden="true" aria-label="Solid icon" class="modus-icons-solid modus-wc-icon modus-wc-icon--md" tabindex="-1"></i>
</modus-wc-icon>
`;
