// Jest Snapshot v1, https://goo.gl/fbAQLP

exports[`modus-wc-number-input should render with custom props 1`] = `
<modus-wc-number-input auto-complete="on" auto-focus="true" class="test-class" currency-symbol="$" custom-class="test-class" disabled="true" input-aria-invalid="true" input-id="test-id" input-mode="decimal" input-tab-index="1" inputmode="numeric" label="Test label" max="10" min="1" name="test-name" placeholder="Test placeholder" readonly="true" required="true" size="lg" step="2" type="range" value="test@example.com">
  <modus-wc-input-label forid="test-id" labeltext="Test label" required="" size="lg"></modus-wc-input-label>
  <div class="modus-wc-flex modus-wc-join modus-wc-number-input-container">
    <div class="modus-wc-flex modus-wc-input-bordered modus-wc-input-currency modus-wc-input-lg modus-wc-items-center modus-wc-join-item">
      $
    </div>
    <input aria-describedby="description" aria-label="Test number input" aria-required="" autocomplete="on" class="modus-wc-input modus-wc-input-bordered modus-wc-input-lg modus-wc-join-item modus-wc-number-input modus-wc-w-full" disabled="" id="test-id" max="10" min="1" name="test-name" placeholder="Test placeholder" required="" step="2" tabindex="1" type="range" value="test@example.com">
  </div>
</modus-wc-number-input>
`;

exports[`modus-wc-number-input should render with default props 1`] = `
<modus-wc-number-input inputmode="numeric" value="">
  <div class="modus-wc-number-input-container">
    <input aria-label="Default input" class="modus-wc-input modus-wc-input-bordered modus-wc-input-md modus-wc-number-input modus-wc-w-full" placeholder="" type="number" value="">
  </div>
</modus-wc-number-input>
`;

exports[`modus-wc-number-input should render with error feedback 1`] = `
<modus-wc-number-input inputmode="numeric" value="">
  <div class="modus-wc-number-input-container">
    <input aria-label="Error input" class="modus-wc-input modus-wc-input--error modus-wc-input-bordered modus-wc-input-md modus-wc-number-input modus-wc-w-full" placeholder="" type="number" value="">
  </div>
  <modus-wc-input-feedback>
    <div class="modus-wc-input-feedback modus-wc-input-feedback--error modus-wc-input-feedback--md">
      <svg class="mi-outline mi-warning modus-wc-input-feedback-icon" fill="currentColor" viewBox="0 0 24 24" xmlns="http://www.w3.org/2000/svg">
        <path d="M12 15.12c-.67 0-1.21.54-1.21 1.19s.54 1.21 1.21 1.21 1.21-.54 1.21-1.21-.54-1.19-1.21-1.19m0-1.61c.36 0 .62-.26.66-.7l.39-5.04s.01-.1.01-.14c0-.63-.45-1.15-1.06-1.15s-1.06.51-1.06 1.15v.14l.4 5.04c.04.44.28.7.66.7M12 2C6.48 2 2 6.48 2 12s4.48 10 10 10 10-4.48 10-10S17.52 2 12 2m0 18c-4.41 0-8-3.59-8-8s3.59-8 8-8 8 3.59 8 8-3.59 8-8 8"></path>
      </svg>
      <span>
        Test error message
      </span>
    </div>
  </modus-wc-input-feedback>
</modus-wc-number-input>
`;
