// Jest Snapshot v1, https://goo.gl/fbAQLP

exports[`modus-wc-button should render with custom props 1`] = `
<modus-wc-button aria-label="Custom Button" color="secondary" custom-class="test-class" full-width="true" label="Test" pressed="true" size="lg" type="submit" variant="outlined">
  <button aria-label="Test" aria-pressed="true" class="modus-wc-btn modus-wc-btn-block modus-wc-btn-lg modus-wc-btn-outline modus-wc-btn-secondary test-class" tabindex="0" type="submit">
    Test
  </button>
</modus-wc-button>
`;

exports[`modus-wc-button should render with default props 1`] = `
<modus-wc-button aria-label="Default Button">
  <button aria-label="Button" class="modus-wc-btn modus-wc-btn-md modus-wc-btn-primary" tabindex="0" type="button"></button>
</modus-wc-button>
`;

exports[`modus-wc-button should render with disabled attribute 1`] = `
<modus-wc-button aria-label="Custom Button" disabled="true">
  <button aria-label="Button" class="modus-wc-btn modus-wc-btn-disabled modus-wc-btn-md modus-wc-btn-primary" disabled="" tabindex="-1" type="button"></button>
</modus-wc-button>
`;
