// Jest Snapshot v1, https://goo.gl/fbAQLP

exports[`modus-wc-slider renders with default props 1`] = `
<modus-wc-slider value="0">
  <input aria-label="Default slider" class="modus-wc-range modus-wc-range-xs" type="range" value="0">
</modus-wc-slider>
`;

exports[`modus-wc-slider should render with custom props 1`] = `
<modus-wc-slider custom-class="test-class" disabled="true" input-dir="rtl" input-id="custom-id" input-tab-index="1" max="100" min="50" name="test-name" required="true" size="lg" step="50" value="NaN">
  <input aria-describedby="active" aria-disabled="" aria-label="Test slider" aria-labelledby="slider-label" class="modus-wc-range modus-wc-range-lg test-class" dir="rtl" disabled="" id="custom-id" max="100" min="50" name="test-name" required="" step="50" tabindex="1" type="range" value="NaN">
</modus-wc-slider>
`;
