// Jest Snapshot v1, https://goo.gl/fbAQLP

exports[`modus-wc-loading should render with custom props 1`] = `
<modus-wc-loading aria-label="Loading spinner" custom-class="test-class" size="lg" variant="dots">
  <span aria-label="Loading spinner" class="modus-wc-loading modus-wc-loading-dots modus-wc-loading-lg test-class" role="status" tabindex="-1"></span>
</modus-wc-loading>
`;

exports[`modus-wc-loading should render with default props 1`] = `
<modus-wc-loading aria-label="Loading spinner">
  <span aria-label="Loading spinner" class="modus-wc-loading modus-wc-loading-md modus-wc-loading-spinner" role="status" tabindex="-1"></span>
</modus-wc-loading>
`;
