// Jest Snapshot v1, https://goo.gl/fbAQLP

exports[`modus-wc-logo should render full logo without emblem prop 1`] = `
<modus-wc-logo name="siteworks">
  <span aria-label="siteworks" class="logo-full modus-wc-logo" role="img" style="background-image: var(--modus-logo-siteworks);"></span>
</modus-wc-logo>
`;

exports[`modus-wc-logo should render viewpoint logo 1`] = `
<modus-wc-logo name="viewpoint_field_view">
  <span aria-label="viewpoint field view" class="logo-full modus-wc-logo" role="img" style="background-image: var(--modus-logo-viewpoint-field-view);"></span>
</modus-wc-logo>
`;

exports[`modus-wc-logo should render with default props 1`] = `
<modus-wc-logo name="trimble">
  <span aria-label="trimble" class="logo-full modus-wc-logo" role="img" style="background-image: var(--modus-logo-trimble);"></span>
</modus-wc-logo>
`;

exports[`modus-wc-logo should render with emblem prop 1`] = `
<modus-wc-logo emblem="" name="trimble">
  <span aria-label="trimble" class="logo-emblem modus-wc-logo" role="img" style="background-image: var(--modus-logo-emblem-trimble);"></span>
</modus-wc-logo>
`;
