// Jest Snapshot v1, https://goo.gl/fbAQLP

exports[`modus-wc-accordion should render with custom props 1`] = `
<modus-wc-accordion bordered="false" custom-class="test-class" size="sm">
  <!---->
  <div class="test-class">
    <modus-wc-collapse collapse-description="Sports played by a team." collapse-title="Team Sports" custom-class="test-class" expanded="" icon="people_group" iconarialabel="Team icon" size="sm">
      <div slot="item-0">
        Item 0 Content
      </div>
    </modus-wc-collapse>
    <modus-wc-collapse collapse-description="Sports played by individuals." collapse-title="Individual Sports" custom-class="test-class" icon="person" iconarialabel="Person icon" size="sm"></modus-wc-collapse>
    <modus-wc-collapse collapse-description="Sports played in water." collapse-title="Water Sports" custom-class="test-class" icon="fog" iconarialabel="Water icon" size="sm">
      <div slot="item-2">
        Item 2 Content
      </div>
    </modus-wc-collapse>
  </div>
</modus-wc-accordion>
`;

exports[`modus-wc-accordion should render with default props 1`] = `
<modus-wc-accordion>
  <!---->
  <div></div>
</modus-wc-accordion>
`;
