// Jest Snapshot v1, https://goo.gl/fbAQLP

exports[`modus-wc-time-input should render with default props 1`] = `
<modus-wc-time-input aria-label="Default input" list="test-list" value="">
  <input class="modus-wc-input modus-wc-input-bordered modus-wc-input-md modus-wc-w-full" list="test-list" step="60" type="time" value="">
</modus-wc-time-input>
`;
