// Jest Snapshot v1, https://goo.gl/fbAQLP

exports[`modus-wc-side-navigation-item matches snapshot 1`] = `
<modus-wc-side-navigation-item icon="home" label="Home">
  <template shadowrootmode="open">
    <li class="side-nav-item" role="menuitem" tabindex="0">
      <div class="menu-icon">
        <slot name="menu-icon"></slot>
      </div>
      <div class="menu-label">
        <slot name="menu-label"></slot>
      </div>
    </li>
  </template>
</modus-wc-side-navigation-item>
`;
