// Jest Snapshot v1, https://goo.gl/fbAQLP

exports[`modus-wc-textarea renders with default props 1`] = `
<modus-wc-textarea aria-label="Default textarea" value=""><textarea aria-label="Text area" aria-placeholder="" class="modus-wc-textarea modus-wc-textarea-bordered modus-wc-textarea-md modus-wc-w-full" placeholder="" value=""></textarea>
</modus-wc-textarea>
`;

exports[`modus-wc-textarea should render with custom props 1`] = `
<modus-wc-textarea aria-describedby="description" aria-label="Test textarea" bordered="false" custom-class="test-class" disabled="true" input-aria-invalid="grammar" input-dir="rtl" input-id="custom-id" input-spellcheck="true" input-tab-index="1" max-length="100" name="test-name" placeholder="Test placeholder" readonly="true" required="true" rows="5" size="lg" value="Test value"><textarea aria-invalid="grammar" aria-label="Test placeholder" aria-placeholder="Test placeholder" aria-required="" class="modus-wc-textarea modus-wc-textarea-lg modus-wc-w-full test-class" dir="rtl" disabled="" id="custom-id" maxlength="100" name="test-name" placeholder="Test placeholder" readonly="" required="" rows="5" spellcheck="" tabindex="1" value="Test value"></textarea>
</modus-wc-textarea>
`;
