// Jest Snapshot v1, https://goo.gl/fbAQLP

exports[`modus-wc-button-group renders 1`] = `
<modus-wc-button-group>
  <!---->
  <div class="modus-wc-button-group modus-wc-button-group--horizontal modus-wc-button-group--primary" role="radiogroup">
    <modus-wc-button aria-pressed="false" color="primary" size="md" variant="outlined">
      <!---->
      <button class="modus-wc-btn modus-wc-btn-md modus-wc-btn-outline modus-wc-btn-primary" tabindex="0" type="button">
        Test
      </button>
    </modus-wc-button>
  </div>
</modus-wc-button-group>
`;
