// Jest Snapshot v1, https://goo.gl/fbAQLP

exports[`modus-wc-spinner should render with custom props 1`] = `
<modus-wc-spinner aria-label="Loading spinner" custom-class="test-class" size="lg" variant="dots">
  <span aria-busy="true" aria-label="Loading spinner" class="modus-wc-spinner modus-wc-spinner-dots modus-wc-spinner-lg modus-wc-spinner-primary test-class" role="status" tabindex="-1"></span>
</modus-wc-spinner>
`;

exports[`modus-wc-spinner should render with default props 1`] = `
<modus-wc-spinner aria-label="Loading spinner">
  <span aria-busy="true" aria-label="Loading spinner" class="modus-wc-spinner modus-wc-spinner-md modus-wc-spinner-primary" role="status" tabindex="-1"></span>
</modus-wc-spinner>
`;
