// Jest Snapshot v1, https://goo.gl/fbAQLP

exports[`modus-wc-radio renders with default props 1`] = `
<modus-wc-radio aria-label="Default radio">
  <input aria-label="Radio button" class="modus-wc-radio modus-wc-radio-md" type="radio">
</modus-wc-radio>
`;

exports[`modus-wc-radio should render with custom props 1`] = `
<modus-wc-radio aria-describedby="active" aria-label="Test radio" aria-labelledby="radio-label" custom-class="test-class" disabled="true" input-dir="rtl" input-id="custom-id" input-tab-index="1" name="test-name" required="true" size="lg" value="">
  <input aria-checked="" aria-disabled="" aria-label="Radio button" checked="" class="modus-wc-radio modus-wc-radio-lg test-class" dir="rtl" disabled="" id="custom-id" name="test-name" required="" tabindex="1" type="radio">
</modus-wc-radio>
`;
