// Jest Snapshot v1, https://goo.gl/fbAQLP

exports[`modus-wc-text-input should render with custom props 1`] = `
<modus-wc-text-input auto-capitalize="words" auto-complete="on" auto-focus="true" clear-aria-label="Clear input" custom-class="test-class" disabled="true" include-clear="true" include-search="true" input-aria-invalid="grammar" input-id="test-id" input-mode="numeric" input-spellcheck="true" input-tab-index="1" inputmode="text" label="Test label" max-length="50" min-length="5" name="test-name" pattern="[A-Za-z]{3}" placeholder="Test placeholder" readonly="true" required="true" size="lg" type="email" value="test@example.com">
  <modus-wc-input-label forid="test-id" labeltext="Test label" required="" size="lg"></modus-wc-input-label>
  <label class="modus-wc-flex modus-wc-gap-1 modus-wc-input modus-wc-input-bordered modus-wc-input-disabled modus-wc-input-lg modus-wc-items-center modus-wc-text-input modus-wc-w-full test-class">
    <svg aria-hidden="true" class="modus-wc-text-input-icon modus-wc-text-input-icon-search" fill="currentColor" viewBox="0 0 24 24" xmlns="http://www.w3.org/2000/svg">
      <path d="m16.38 14.92-.66.05-.41-.41c2.44-2.81 2.28-7.1-.5-9.7S7.8 2.4 5.17 4.94a6.99 6.99 0 0 0-.08 9.98c2.61 2.61 6.77 2.72 9.52.34l.41.41-.05.65 3.89 3.89a.996.996 0 1 0 1.41-1.41l-3.88-3.88Zm-2.81-1.41a5.016 5.016 0 0 1-7.08 0c-1.95-1.95-1.95-5.13 0-7.08s5.13-1.95 7.08 0 1.95 5.13 0 7.08"></path>
    </svg>
    <input aria-describedby="description" aria-label="Test text input" aria-required="" autocapitalize="words" autocomplete="on" class="modus-wc-grow" disabled="" id="test-id" maxlength="50" minlength="5" name="test-name" pattern="[A-Za-z]{3}" placeholder="Test placeholder" required="" tabindex="1" type="email" value="test@example.com">
    <div class="modus-wc-clear-icon-container modus-wc-clear-icon-hidden">
      <svg aria-label="Clear input" class="modus-wc-text-input-icon modus-wc-text-input-icon-clear" fill="currentColor" role="button" tabindex="0" viewBox="0 0 24 24" xmlns="http://www.w3.org/2000/svg">
        <path d="M18.3 5.71a.996.996 0 0 0-1.41 0L12 10.59 7.11 5.7A.996.996 0 1 0 5.7 7.11L10.59 12 5.7 16.89a.996.996 0 1 0 1.41 1.41L12 13.41l4.89 4.89a.996.996 0 1 0 1.41-1.41L13.41 12l4.89-4.89c.38-.38.38-1.02 0-1.4"></path>
      </svg>
    </div>
  </label>
</modus-wc-text-input>
`;

exports[`modus-wc-text-input should render with default props 1`] = `
<modus-wc-text-input inputmode="text" value="">
  <label class="modus-wc-flex modus-wc-gap-1 modus-wc-input modus-wc-input-bordered modus-wc-input-md modus-wc-items-center modus-wc-text-input modus-wc-w-full">
    <input aria-label="Default input" class="modus-wc-grow" id="mwc_id_0" placeholder="" type="text" value="">
  </label>
</modus-wc-text-input>
`;

exports[`modus-wc-text-input should render with error feedback 1`] = `
<modus-wc-text-input inputmode="text" value="">
  <label class="modus-wc-flex modus-wc-gap-1 modus-wc-input modus-wc-input--error modus-wc-input-bordered modus-wc-input-md modus-wc-items-center modus-wc-text-input modus-wc-w-full">
    <input aria-label="Error input" class="modus-wc-grow" id="mwc_id_2" placeholder="" type="text" value="">
  </label>
  <modus-wc-input-feedback>
    <div class="modus-wc-input-feedback modus-wc-input-feedback--error modus-wc-input-feedback--md">
      <svg class="mi-outline mi-warning modus-wc-input-feedback-icon" fill="currentColor" viewBox="0 0 24 24" xmlns="http://www.w3.org/2000/svg">
        <path d="M12 15.12c-.67 0-1.21.54-1.21 1.19s.54 1.21 1.21 1.21 1.21-.54 1.21-1.21-.54-1.19-1.21-1.19m0-1.61c.36 0 .62-.26.66-.7l.39-5.04s.01-.1.01-.14c0-.63-.45-1.15-1.06-1.15s-1.06.51-1.06 1.15v.14l.4 5.04c.04.44.28.7.66.7M12 2C6.48 2 2 6.48 2 12s4.48 10 10 10 10-4.48 10-10S17.52 2 12 2m0 18c-4.41 0-8-3.59-8-8s3.59-8 8-8 8 3.59 8 8-3.59 8-8 8"></path>
      </svg>
      <span>
        Test error message
      </span>
    </div>
  </modus-wc-input-feedback>
</modus-wc-text-input>
`;
